// Jest Snapshot v1, https://goo.gl/fbAQLP

exports[`components/App render should render the component: App 1`] = `
<div
  className="undefined app-container"
>
  <div
    className="content-container"
  >
    <Connect(Switch)
      routes={
        Object {
          "@@redux-first-router/NOT_FOUND": [Function],
          "HOME": [Function],
        }
      }
    />
  </div>
</div>
`;
